--- Job NetworkShipping (2).gms Start 10/05/26 16:54:37 54.4.0 9a60ae27 WEX-WEI x86 64bit/MS Windows
--- Applying:
    C:\GAMS\54\gmsprmNT.txt
--- GAMS Parameters defined
    Input "C:\Users\A02514490\Downloads\NetworkShipping (2).gms"
    PageSize 0
    ScrDir C:\Users\A02514490\Downloads\225a\
    SysDir C:\GAMS\54\
    LogOption 3
    AppendLog 1
    ErrMsg 1
    ErrorLog 99
    IDE 1
    LstTitleLeftAligned 1
Licensee: Course License                                 G260818+0003Ac-GEN
          Utah State University                                     DCE5615
          225a\gamslice.dat
          1d9a2824-f32d-4897
          node:89599105 mem:32 cores:12 ipport:62371 v:2                   
          Course license for use within the course and related course work
          The time-limited license stops working on : Jun 14, 2027
System information: 12 physical cores and 32 Gb physical memory detected
GAMS 54.4.0   Copyright (C) 1987-2026 GAMS Development. All rights reserved
--- Starting compilation
--- NetworkShipping (2).gms(44) 3 Mb
--- Starting execution: elapsed 0:00:00.016
--- Generating LP model NetworkShipping
--- NetworkShipping (2).gms(44) 4 Mb
---   8 rows  11 columns  31 non-zeroes
--- Range statistics (absolute non-zero finite values)
--- RHS       [min, max] : [ 4.000E+01, 7.500E+01] - Zero values observed as well
--- Bound     [min, max] : [        NA,        NA] - Zero values observed as well
--- Matrix    [min, max] : [ 1.000E+00, 8.000E+00]
--- Executing CPLEX (Solvelink=2): elapsed 0:00:00.029

IBM ILOG CPLEX   54.4.0 9a60ae27 Sep 9, 2026           WEI x86 64bit/MS Window

*** This solver runs with a community license.
--- GMO setup time: 0.00s
--- GMO memory 0.50 Mb (peak 0.50 Mb)
--- Dictionary memory 0.00 Mb
--- Cplex 22.1.2.0 link memory 0.00 Mb (peak 0.00 Mb)
--- Starting Cplex

Version identifier: 22.1.2.0 | 2024-11-25 | 0edbb82fd
CPXPARAM_Advance                                 0
CPXPARAM_Simplex_Display                         2
CPXPARAM_MIP_Display                             4
CPXPARAM_MIP_Pool_Capacity                       0
CPXPARAM_Preprocessing_QCPDuals                  0
CPXPARAM_MIP_Tolerances_AbsMIPGap                0
Tried aggregator 1 time.
LP Presolve eliminated 0 rows and 1 columns.
Reduced LP has 7 rows, 10 columns, and 20 nonzeros.
Presolve time = 0.00 sec. (0.01 ticks)

Iteration      Dual Objective            In Variable           Out Variable
     1             240.000000      Y(Washburn,Hewes)  RecipDem(Hewes) slack
     2             290.000000         Y(Thomas,Zrox)   RecipDem(Zrox) slack
     3             350.000000        Y(Thomas,Hewes) SupBal(Washburn) slack
     4             680.000000 X(Supershelf,Washburn)   SupBal(Thomas) slack
     5            1000.000000 Y(Washburn,Rockwright)RecipDem(Rockwrig slack
     6            1100.000000       X(Arnold,Thomas)        Y(Thomas,Hewes)
     7            1150.000000        Y(Thomas,Hewes)ManCap(Supershelf slack

--- LP status (1): optimal.
--- Cplex Time: 0.00sec (det. 0.02 ticks)


Optimal solution found
Objective:         1150.000000

--- Reading solution for model NetworkShipping
*** Status: Normal completion
--- Job NetworkShipping (2).gms Stop 10/05/26 16:54:37 elapsed 0:00:00.177
